// Jest Snapshot v1, https://goo.gl/fbAQLP

exports[`CardContainer CardContainer matches snapshot 1`] = `
<div
  className="MuiLinearProgress-root MuiLinearProgress-colorPrimary MuiLinearProgress-indeterminate"
  data-testid="loading-bar"
  role="progressbar"
>
  <div
    className="MuiLinearProgress-bar MuiLinearProgress-barColorPrimary MuiLinearProgress-bar1Indeterminate"
    style={Object {}}
  />
  <div
    className="MuiLinearProgress-bar MuiLinearProgress-bar2Indeterminate MuiLinearProgress-barColorPrimary"
    style={Object {}}
  />
</div>
`;
