// Jest Snapshot v1, https://goo.gl/fbAQLP

exports[`CampaignControl CampaignControl matches snapshot 1`] = `
<div
  className="sc-eCImPb PJILU"
  data-testid="campaign-control"
>
  <div
    className="MuiFormControl-root MuiFormControl-fullWidth"
  >
    <label
      className="MuiFormLabel-root MuiInputLabel-root MuiInputLabel-formControl MuiInputLabel-animated"
      data-shrink={false}
      id="campaign-select-label"
    >
      Campaigns
    </label>
    <div
      className="MuiInputBase-root MuiInput-root MuiInput-underline MuiInputBase-formControl MuiInput-formControl"
      onClick={[Function]}
    >
      <div
        aria-haspopup="listbox"
        aria-labelledby="campaign-select-label campaign-select"
        className="MuiSelect-root MuiSelect-select MuiSelect-selectMenu MuiInputBase-input MuiInput-input"
        id="campaign-select"
        onBlur={[Function]}
        onFocus={[Function]}
        onKeyDown={[Function]}
        onMouseDown={[Function]}
        role="button"
        tabIndex={0}
      >
        <span
          dangerouslySetInnerHTML={
            Object {
              "__html": "&#8203;",
            }
          }
        />
      </div>
      <input
        aria-hidden={true}
        className="MuiSelect-nativeInput"
        onAnimationStart={[Function]}
        onChange={[Function]}
        required={false}
        tabIndex={-1}
        value=""
      />
      <svg
        aria-hidden={true}
        className="MuiSvgIcon-root MuiSelect-icon"
        focusable="false"
        viewBox="0 0 24 24"
      >
        <path
          d="M7 10l5 5 5-5z"
        />
      </svg>
    </div>
  </div>
  <button
    className="MuiButtonBase-root MuiButton-root MuiButton-text sc-dkPtRN eWMYEy"
    disabled={false}
    onBlur={[Function]}
    onClick={[MockFunction]}
    onDragLeave={[Function]}
    onFocus={[Function]}
    onKeyDown={[Function]}
    onKeyUp={[Function]}
    onMouseDown={[Function]}
    onMouseLeave={[Function]}
    onMouseUp={[Function]}
    onTouchEnd={[Function]}
    onTouchMove={[Function]}
    onTouchStart={[Function]}
    tabIndex={0}
    type="button"
  >
    <span
      className="MuiButton-label"
    >
      New Campaign
    </span>
  </button>
</div>
`;
