// Jest Snapshot v1, https://goo.gl/fbAQLP

exports[`Card Card matches snapshot 1`] = `
<div
  className="sc-bdvvtL eSfVxr"
  data-testid="Card"
>
  <div
    className="sc-gsDKAQ geNvXo"
  >
    <a
      className="sc-iCfMLu iMJIiJ"
      href="/overview/Active test app"
      onClick={[Function]}
    >
      <img
        alt="Active test app"
        className="sc-dkPtRN hBlbtm"
        src="http://placeimg.com/640/480/abstract"
      />
    </a>
    <a
      className="sc-iCfMLu iMJIiJ"
      href="/overview/Active test app"
      onClick={[Function]}
    >
      <div
        className="sc-jRQBWg inHIzc"
      >
        Active test app
      </div>
    </a>
  </div>
  <div
    className="sc-hKwDye iHlHRv"
  >
    <div
      className="sc-eCImPb chOnSp"
    >
      <p
        className="sc-gKclnd cRtMhS"
      >
        1
      </p>
      <p>
        Campaigns
      </p>
    </div>
    <div
      className="sc-eCImPb chOnSp"
    >
      <p
        className="sc-gKclnd cRtMhS"
      >
        267
      </p>
      <p>
        Avg. Installs
      </p>
    </div>
    <div
      className="sc-eCImPb chOnSp"
    >
      <p
        className="sc-gKclnd cRtMhS"
      >
        287
      </p>
      <p>
        Avg. Revenue
      </p>
    </div>
  </div>
</div>
`;
