// Jest Snapshot v1, https://goo.gl/fbAQLP

exports[`Home Home matches snapshot 1`] = `
<div
  data-testid="Home"
  style={
    Object {
      "opacity": 0,
    }
  }
>
  <h3>
    Home page
  </h3>
  <button
    className="MuiButtonBase-root MuiButton-root MuiButton-contained MuiButton-containedPrimary"
    disabled={false}
    onBlur={[Function]}
    onClick={[Function]}
    onDragLeave={[Function]}
    onFocus={[Function]}
    onKeyDown={[Function]}
    onKeyUp={[Function]}
    onMouseDown={[Function]}
    onMouseLeave={[Function]}
    onMouseUp={[Function]}
    onTouchEnd={[Function]}
    onTouchMove={[Function]}
    onTouchStart={[Function]}
    tabIndex={0}
    type="button"
  >
    <span
      className="MuiButton-label"
    >
      Overview
    </span>
  </button>
</div>
`;
