// Jest Snapshot v1, https://goo.gl/fbAQLP

exports[`CardDetail CardDetail matches snapshot 1`] = `
<div
  className="sc-bdvvtL Tcmbc"
  data-testid="card-detail"
>
  <div
    className="sc-gsDKAQ dTdkyu"
  >
    <p
      className="sc-dkPtRN bnrKRQ"
    >
      6
    </p>
    <p>
      Campaigns
    </p>
  </div>
  <div
    className="sc-gsDKAQ dTdkyu"
  >
    <p
      className="sc-dkPtRN bnrKRQ"
    >
      53.5
    </p>
    <p>
      Avg. Installs
    </p>
  </div>
  <div
    className="sc-gsDKAQ dTdkyu"
  >
    <p
      className="sc-dkPtRN bnrKRQ"
    >
      107.5
    </p>
    <p>
      Avg. Revenue
    </p>
  </div>
</div>
`;
