// Jest Snapshot v1, https://goo.gl/fbAQLP

exports[`Card Card matches snapshot 1`] = `
<div
  className="sc-gKclnd dgwTBo"
  data-testid="card"
  onClick={[Function]}
>
  <a
    className="sc-iCfMLu gchppI"
    href="/overview/Active test app"
    onClick={[Function]}
  >
    <div
      className="sc-bdvvtL kFYleh"
      data-testid="card-profile"
    >
      <img
        alt="Active test app"
        className="sc-gsDKAQ bioFnW"
        src="http://placeimg.com/640/480/abstract"
      />
      <div
        className="sc-dkPtRN cTqKzg"
      >
        Active test app
      </div>
    </div>
    <div
      className="sc-hKwDye frYTJy"
      data-testid="card-detail"
    >
      <div
        className="sc-eCImPb chOnSp"
      >
        <p
          className="sc-jRQBWg hQmpLw"
        >
          1
        </p>
        <p>
          Campaigns
        </p>
      </div>
      <div
        className="sc-eCImPb chOnSp"
      >
        <p
          className="sc-jRQBWg hQmpLw"
        >
          267
        </p>
        <p>
          Avg. Installs
        </p>
      </div>
      <div
        className="sc-eCImPb chOnSp"
      >
        <p
          className="sc-jRQBWg hQmpLw"
        >
          287
        </p>
        <p>
          Avg. Revenue
        </p>
      </div>
    </div>
  </a>
</div>
`;
