// Jest Snapshot v1, https://goo.gl/fbAQLP

exports[`NotFound404 NotFound404 matches snapshot 1`] = `
<div
  className="sc-bdvvtL fsAlg"
  data-testid="NotFound404"
>
  <h1>
    404
  </h1>
  <h2>
    Page not found
  </h2>
</div>
`;
